INFO:cimpy.cimimport:START of parsing file "/dpsim/examples/Notebooks/Grids/logs/Crete 2030/20250429T1349Z___DL_.xml"
INFO:cimpy.cimimport:START of parsing file "/dpsim/examples/Notebooks/Grids/logs/Crete 2030/20250429T1349Z___GL_.xml"
INFO:cimpy.cimimport:START of parsing file "/dpsim/examples/Notebooks/Grids/logs/Crete 2030/20250429T1349Z___SSH_.xml"
INFO:cimpy.cimimport:START of parsing file "/dpsim/examples/Notebooks/Grids/logs/Crete 2030/20250429T1349Z___SV_.xml"
INFO:cimpy.cimimport:START of parsing file "/dpsim/examples/Notebooks/Grids/logs/Crete 2030/20250429T1349Z___TP_.xml"
INFO:cimpy.cimimport:START of parsing file "/dpsim/examples/Notebooks/Grids/logs/Crete 2030/20250429T1349Z__EQ_.xml"
INFO:cimpy.cimimport:END of parsing file "/dpsim/examples/Notebooks/Grids/logs/Crete 2030/20250429T1349Z___DL_.xml"
INFO:cimpy.cimimport:END of parsing file "/dpsim/examples/Notebooks/Grids/logs/Crete 2030/20250429T1349Z___GL_.xml"
INFO:cimpy.cimimport:END of parsing file "/dpsim/examples/Notebooks/Grids/logs/Crete 2030/20250429T1349Z___SSH_.xml"
INFO:cimpy.cimimport:END of parsing file "/dpsim/examples/Notebooks/Grids/logs/Crete 2030/20250429T1349Z___SV_.xml"
INFO:cimpy.cimimport:END of parsing file "/dpsim/examples/Notebooks/Grids/logs/Crete 2030/20250429T1349Z___TP_.xml"
INFO:cimpy.cimimport:END of parsing file "/dpsim/examples/Notebooks/Grids/logs/Crete 2030/20250429T1349Z__EQ_.xml"
INFO:cimpy.cimimport:CIM object DiagramObjectPoint created: 1045 times
INFO:cimpy.cimimport:CIM object DiagramObject created: 423 times
INFO:cimpy.cimimport:CIM object Diagram created: 1 times
INFO:cimpy.cimimport:CIM object SvVoltage created: 90 times
INFO:cimpy.cimimport:CIM object SvPowerFlow created: 294 times
INFO:cimpy.cimimport:CIM object TopologicalIsland created: 1 times
INFO:cimpy.cimimport:CIM object SvShuntCompensatorSections created: 9 times
INFO:cimpy.cimimport:CIM object SvTapStep created: 47 times
INFO:cimpy.cimimport:CIM object TopologicalNode created: 90 times
INFO:cimpy.cimimport:CIM object Terminal created: 384 times
INFO:cimpy.cimimport:CIM object SynchronousMachine created: 30 times
INFO:cimpy.cimimport:CIM object OperationalLimitSet created: 324 times
INFO:cimpy.cimimport:CIM object ACLineSegment created: 69 times
INFO:cimpy.cimimport:CIM object VoltageLevel created: 90 times
INFO:cimpy.cimimport:CIM object PowerTransformerEnd created: 96 times
INFO:cimpy.cimimport:CIM object BaseVoltage created: 8 times
INFO:cimpy.cimimport:CIM object CurrentLimit created: 234 times
INFO:cimpy.cimimport:CIM object GeneratingUnit created: 30 times
INFO:cimpy.cimimport:CIM object ConformLoad created: 20 times
INFO:cimpy.cimimport:CIM object LinearShuntCompensator created: 9 times
INFO:cimpy.cimimport:CIM object LoadResponseCharacteristic created: 1 times
INFO:cimpy.cimimport:CIM object BusbarSection created: 90 times
INFO:cimpy.cimimport:CIM object RatioTapChanger created: 47 times
INFO:cimpy.cimimport:CIM object PowerTransformer created: 48 times
INFO:cimpy.cimimport:CIM object VoltageLimit created: 180 times
INFO:cimpy.cimimport:CIM object OperationalLimitType created: 3 times
INFO:cimpy.cimimport:CIM object SubGeographicalRegion created: 8 times
INFO:cimpy.cimimport:CIM object GeographicalRegion created: 8 times
INFO:cimpy.cimimport:CIM object Substation created: 1 times
INFO:cimpy.cimimport:CIM object TapChangerControl created: 47 times
INFO:cimpy.cimimport:CIM object RegulatingControl created: 17 times
INFO:cimpy.cimimport:CIM object ConformLoadGroup created: 1 times
INFO:cimpy.cimimport:CIM object SubLoadArea created: 1 times
INFO:cimpy.cimimport:CIM object LoadArea created: 1 times
INFO:cimpy.cimimport:CIM object ExternalNetworkInjection created: 1 times
INFO:cimpy.cimimport:Created totally 3748 CIM objects in 0.14 s


